// Jest Snapshot v1, https://goo.gl/fbAQLP

exports[`Test redux render ModalWindow 1`] = `
<Modal
  animationType="fade"
  hardwareAccelerated={false}
  onRequestClose={[Function]}
  transparent={true}
  visible={true}
>
  <View
    style={
      Object {
        "alignItems": "center",
        "backgroundColor": "rgba(0,0,0,0.5)",
        "flex": 1,
        "justifyContent": "center",
      }
    }
  >
    <View
      style={
        Object {
          "alignItems": "center",
          "backgroundColor": "#fff",
          "borderRadius": 20,
          "margin": 20,
          "padding": 20,
          "width": "90%",
        }
      }
    >
      <Text
        style={
          Object {
            "fontSize": 24,
            "marginBottom": 10,
            "textAlign": "center",
          }
        }
      >
        Add Item
      </Text>
      <TextInput
        allowFontScaling={true}
        onBlur={[Function]}
        onChangeText={[Function]}
        placeholder="avatar"
        rejectResponderTermination={true}
        style={
          Array [
            Object {
              "backgroundColor": "#f5f5f5",
              "borderRadius": 10,
              "color": "#000",
              "height": 30,
              "marginBottom": 10,
              "paddingHorizontal": 10,
              "width": "100%",
            },
            Object {
              "display": "none",
            },
          ]
        }
        underlineColorAndroid="transparent"
      />
      <TextInput
        allowFontScaling={true}
        onBlur={[Function]}
        onChangeText={[Function]}
        placeholder="first_name"
        rejectResponderTermination={true}
        style={
          Object {
            "backgroundColor": "#f5f5f5",
            "borderRadius": 10,
            "color": "#000",
            "height": 30,
            "marginBottom": 10,
            "paddingHorizontal": 10,
            "width": "100%",
          }
        }
        underlineColorAndroid="transparent"
        value=""
      />
      <TextInput
        allowFontScaling={true}
        onBlur={[Function]}
        onChangeText={[Function]}
        placeholder="last_name"
        rejectResponderTermination={true}
        style={
          Object {
            "backgroundColor": "#f5f5f5",
            "borderRadius": 10,
            "color": "#000",
            "height": 30,
            "marginBottom": 10,
            "paddingHorizontal": 10,
            "width": "100%",
          }
        }
        underlineColorAndroid="transparent"
        value=""
      />
      <TextInput
        allowFontScaling={true}
        onBlur={[Function]}
        onChangeText={[Function]}
        placeholder="email"
        rejectResponderTermination={true}
        style={
          Object {
            "backgroundColor": "#f5f5f5",
            "borderRadius": 10,
            "color": "#000",
            "height": 30,
            "marginBottom": 10,
            "paddingHorizontal": 10,
            "width": "100%",
          }
        }
        underlineColorAndroid="transparent"
        value=""
      />
      <View
        accessible={true}
        focusable={true}
        onClick={[Function]}
        onResponderGrant={[Function]}
        onResponderMove={[Function]}
        onResponderRelease={[Function]}
        onResponderTerminate={[Function]}
        onResponderTerminationRequest={[Function]}
        onStartShouldSetResponder={[Function]}
        style={
          Object {
            "backgroundColor": "#000",
            "borderRadius": 10,
            "marginBottom": 10,
            "opacity": 1,
            "paddingHorizontal": 10,
            "paddingVertical": 10,
          }
        }
      >
        <Text
          style={
            Object {
              "color": "#fff",
              "fontSize": 20,
              "textAlign": "center",
            }
          }
        >
          Save
        </Text>
      </View>
    </View>
  </View>
</Modal>
`;

exports[`renders App correctly 1`] = `
<View
  style={
    Object {
      "flex": 1,
    }
  }
>
  <RNCSafeAreaProvider
    onInsetsChange={[Function]}
    style={
      Array [
        Object {
          "flex": 1,
        },
        undefined,
      ]
    }
  >
    <RNSScreenContainer
      onLayout={[Function]}
      style={
        Object {
          "flex": 1,
        }
      }
    >
      <RNSScreen
        activityState={2}
        forwardedRef={[Function]}
        pointerEvents="box-none"
        style={
          Object {
            "bottom": 0,
            "left": 0,
            "position": "absolute",
            "right": 0,
            "top": 0,
          }
        }
      >
        <View
          collapsable={false}
          style={
            Object {
              "opacity": 1,
            }
          }
        />
        <View
          accessibilityElementsHidden={false}
          closing={false}
          gestureVelocityImpact={0.3}
          importantForAccessibility="auto"
          onClose={[Function]}
          onGestureBegin={[Function]}
          onGestureCanceled={[Function]}
          onGestureEnd={[Function]}
          onOpen={[Function]}
          onTransition={[Function]}
          pointerEvents="box-none"
          style={
            Array [
              Object {
                "overflow": undefined,
              },
              Object {
                "bottom": 0,
                "left": 0,
                "position": "absolute",
                "right": 0,
                "top": 0,
              },
            ]
          }
          transitionSpec={
            Object {
              "close": Object {
                "animation": "spring",
                "config": Object {
                  "damping": 500,
                  "mass": 3,
                  "overshootClamping": true,
                  "restDisplacementThreshold": 10,
                  "restSpeedThreshold": 10,
                  "stiffness": 1000,
                },
              },
              "open": Object {
                "animation": "spring",
                "config": Object {
                  "damping": 500,
                  "mass": 3,
                  "overshootClamping": true,
                  "restDisplacementThreshold": 10,
                  "restSpeedThreshold": 10,
                  "stiffness": 1000,
                },
              },
            }
          }
        >
          <View
            needsOffscreenAlphaCompositing={false}
            pointerEvents="box-none"
            style={
              Object {
                "flex": 1,
                "marginTop": 0,
              }
            }
          >
            <View
              collapsable={false}
              forwardedRef={[Function]}
              onGestureHandlerEvent={[Function]}
              onGestureHandlerStateChange={[Function]}
              style={
                Object {
                  "flex": 1,
                  "transform": Array [
                    Object {
                      "translateX": 0,
                    },
                    Object {
                      "translateX": 0,
                    },
                  ],
                }
              }
            >
              <View
                pointerEvents="none"
                style={
                  Object {
                    "backgroundColor": "rgb(242, 242, 242)",
                    "bottom": 0,
                    "left": 0,
                    "position": "absolute",
                    "shadowColor": "#000",
                    "shadowOffset": Object {
                      "height": 1,
                      "width": -1,
                    },
                    "shadowOpacity": 0.3,
                    "shadowRadius": 5,
                    "top": 0,
                    "width": 3,
                  }
                }
              />
              <View
                style={
                  Array [
                    Object {
                      "flex": 1,
                      "overflow": "hidden",
                    },
                    Array [
                      Object {
                        "backgroundColor": "rgb(242, 242, 242)",
                      },
                      undefined,
                    ],
                  ]
                }
              >
                <View
                  style={
                    Object {
                      "flex": 1,
                      "flexDirection": "column-reverse",
                    }
                  }
                >
                  <View
                    style={
                      Object {
                        "flex": 1,
                      }
                    }
                  >
                    <View
                      style={
                        Array [
                          Object {
                            "aspectRatio": 1,
                          },
                          Object {
                            "bottom": 0,
                            "left": 0,
                            "position": "absolute",
                            "right": 0,
                            "top": 0,
                          },
                          undefined,
                        ]
                      }
                    >
                      <View
                        autoPlay={true}
                        cacheComposition={true}
                        enableMergePathsAndroidForKitKatAndAbove={false}
                        forwardedRef={[Function]}
                        loop={false}
                        onAnimationFinish={[Function]}
                        onLayout={[Function]}
                        progress={0}
                        resizeMode="contain"
                        sourceJson="{\\"v\\":\\"5.1.1\\",\\"fr\\":25,\\"ip\\":0,\\"op\\":50,\\"w\\":150,\\"h\\":150,\\"nm\\":\\"Comp 1\\",\\"ddd\\":0,\\"assets\\":[],\\"layers\\":[{\\"ddd\\":0,\\"ind\\":1,\\"ty\\":4,\\"nm\\":\\"ring 3\\",\\"sr\\":1,\\"ks\\":{\\"o\\":{\\"a\\":0,\\"k\\":100,\\"ix\\":11},\\"r\\":{\\"a\\":0,\\"k\\":0,\\"ix\\":10},\\"p\\":{\\"a\\":0,\\"k\\":[75,75,0],\\"ix\\":2},\\"a\\":{\\"a\\":0,\\"k\\":[0,0,0],\\"ix\\":1},\\"s\\":{\\"a\\":0,\\"k\\":[100,100,100],\\"ix\\":6}},\\"ao\\":0,\\"shapes\\":[{\\"ty\\":\\"gr\\",\\"it\\":[{\\"d\\":1,\\"ty\\":\\"el\\",\\"s\\":{\\"a\\":0,\\"k\\":[100,100],\\"ix\\":2},\\"p\\":{\\"a\\":0,\\"k\\":[0,0],\\"ix\\":3},\\"nm\\":\\"Ellipse Path 1\\",\\"mn\\":\\"ADBE Vector Shape - Ellipse\\",\\"hd\\":false},{\\"ty\\":\\"st\\",\\"c\\":{\\"a\\":0,\\"k\\":[0.4588235294117647,0.8901960784313725,0.5803921568627451,1],\\"ix\\":3},\\"o\\":{\\"a\\":0,\\"k\\":100,\\"ix\\":4},\\"w\\":{\\"a\\":0,\\"k\\":10,\\"ix\\":5},\\"lc\\":2,\\"lj\\":2,\\"nm\\":\\"Stroke 1\\",\\"mn\\":\\"ADBE Vector Graphic - Stroke\\",\\"hd\\":false},{\\"ty\\":\\"tr\\",\\"p\\":{\\"a\\":0,\\"k\\":[0,0],\\"ix\\":2},\\"a\\":{\\"a\\":0,\\"k\\":[0,0],\\"ix\\":1},\\"s\\":{\\"a\\":0,\\"k\\":[100,100],\\"ix\\":3},\\"r\\":{\\"a\\":0,\\"k\\":0,\\"ix\\":6},\\"o\\":{\\"a\\":0,\\"k\\":100,\\"ix\\":7},\\"sk\\":{\\"a\\":0,\\"k\\":0,\\"ix\\":4},\\"sa\\":{\\"a\\":0,\\"k\\":0,\\"ix\\":5},\\"nm\\":\\"Transform\\"}],\\"nm\\":\\"Oval 2\\",\\"np\\":2,\\"cix\\":2,\\"ix\\":1,\\"mn\\":\\"ADBE Vector Group\\",\\"hd\\":false},{\\"ty\\":\\"tm\\",\\"s\\":{\\"a\\":0,\\"k\\":0,\\"ix\\":1},\\"e\\":{\\"a\\":1,\\"k\\":[{\\"i\\":{\\"x\\":[0],\\"y\\":[1]},\\"o\\":{\\"x\\":[0.438],\\"y\\":[0]},\\"n\\":[\\"0_1_0p438_0\\"],\\"t\\":13,\\"s\\":[0],\\"e\\":[83]},{\\"t\\":32}],\\"ix\\":2},\\"o\\":{\\"a\\":1,\\"k\\":[{\\"i\\":{\\"x\\":[0],\\"y\\":[1]},\\"o\\":{\\"x\\":[0.438],\\"y\\":[0]},\\"n\\":[\\"0_1_0p438_0\\"],\\"t\\":13,\\"s\\":[-84],\\"e\\":[84]},{\\"t\\":32}],\\"ix\\":3},\\"m\\":1,\\"ix\\":2,\\"nm\\":\\"Trim Paths 1\\",\\"mn\\":\\"ADBE Vector Filter - Trim\\",\\"hd\\":false}],\\"ip\\":0,\\"op\\":125,\\"st\\":0,\\"bm\\":0},{\\"ddd\\":0,\\"ind\\":2,\\"ty\\":4,\\"nm\\":\\"ring 2\\",\\"sr\\":1,\\"ks\\":{\\"o\\":{\\"a\\":0,\\"k\\":100,\\"ix\\":11},\\"r\\":{\\"a\\":0,\\"k\\":0,\\"ix\\":10},\\"p\\":{\\"a\\":0,\\"k\\":[75,75,0],\\"ix\\":2},\\"a\\":{\\"a\\":0,\\"k\\":[0,0,0],\\"ix\\":1},\\"s\\":{\\"a\\":0,\\"k\\":[100,100,100],\\"ix\\":6}},\\"ao\\":0,\\"shapes\\":[{\\"ty\\":\\"gr\\",\\"it\\":[{\\"d\\":1,\\"ty\\":\\"el\\",\\"s\\":{\\"a\\":0,\\"k\\":[100,100],\\"ix\\":2},\\"p\\":{\\"a\\":0,\\"k\\":[0,0],\\"ix\\":3},\\"nm\\":\\"Ellipse Path 1\\",\\"mn\\":\\"ADBE Vector Shape - Ellipse\\",\\"hd\\":false},{\\"ty\\":\\"st\\",\\"c\\":{\\"a\\":0,\\"k\\":[0.7215686274509804,0.9137254901960784,0.5254901960784314,1],\\"ix\\":3},\\"o\\":{\\"a\\":0,\\"k\\":100,\\"ix\\":4},\\"w\\":{\\"a\\":0,\\"k\\":9,\\"ix\\":5},\\"lc\\":2,\\"lj\\":2,\\"nm\\":\\"Stroke 1\\",\\"mn\\":\\"ADBE Vector Graphic - Stroke\\",\\"hd\\":false},{\\"ty\\":\\"tr\\",\\"p\\":{\\"a\\":0,\\"k\\":[0,0],\\"ix\\":2},\\"a\\":{\\"a\\":0,\\"k\\":[0,0],\\"ix\\":1},\\"s\\":{\\"a\\":0,\\"k\\":[100,100],\\"ix\\":3},\\"r\\":{\\"a\\":0,\\"k\\":0,\\"ix\\":6},\\"o\\":{\\"a\\":0,\\"k\\":100,\\"ix\\":7},\\"sk\\":{\\"a\\":0,\\"k\\":0,\\"ix\\":4},\\"sa\\":{\\"a\\":0,\\"k\\":0,\\"ix\\":5},\\"nm\\":\\"Transform\\"}],\\"nm\\":\\"Oval 2\\",\\"np\\":2,\\"cix\\":2,\\"ix\\":1,\\"mn\\":\\"ADBE Vector Group\\",\\"hd\\":false},{\\"ty\\":\\"tm\\",\\"s\\":{\\"a\\":0,\\"k\\":0,\\"ix\\":1},\\"e\\":{\\"a\\":1,\\"k\\":[{\\"i\\":{\\"x\\":[0.396],\\"y\\":[1]},\\"o\\":{\\"x\\":[0.576],\\"y\\":[0]},\\"n\\":[\\"0p396_1_0p576_0\\"],\\"t\\":8,\\"s\\":[0],\\"e\\":[83]},{\\"t\\":25}],\\"ix\\":2},\\"o\\":{\\"a\\":1,\\"k\\":[{\\"i\\":{\\"x\\":[0.396],\\"y\\":[1]},\\"o\\":{\\"x\\":[0.576],\\"y\\":[0]},\\"n\\":[\\"0p396_1_0p576_0\\"],\\"t\\":8,\\"s\\":[-84],\\"e\\":[84]},{\\"t\\":25}],\\"ix\\":3},\\"m\\":1,\\"ix\\":2,\\"nm\\":\\"Trim Paths 1\\",\\"mn\\":\\"ADBE Vector Filter - Trim\\",\\"hd\\":false}],\\"ip\\":0,\\"op\\":125,\\"st\\":0,\\"bm\\":0},{\\"ddd\\":0,\\"ind\\":3,\\"ty\\":4,\\"nm\\":\\"ring\\",\\"sr\\":1,\\"ks\\":{\\"o\\":{\\"a\\":0,\\"k\\":100,\\"ix\\":11},\\"r\\":{\\"a\\":0,\\"k\\":0,\\"ix\\":10},\\"p\\":{\\"a\\":0,\\"k\\":[75,75,0],\\"ix\\":2},\\"a\\":{\\"a\\":0,\\"k\\":[0,0,0],\\"ix\\":1},\\"s\\":{\\"a\\":0,\\"k\\":[100,100,100],\\"ix\\":6}},\\"ao\\":0,\\"shapes\\":[{\\"ty\\":\\"gr\\",\\"it\\":[{\\"d\\":1,\\"ty\\":\\"el\\",\\"s\\":{\\"a\\":0,\\"k\\":[100,100],\\"ix\\":2},\\"p\\":{\\"a\\":0,\\"k\\":[0,0],\\"ix\\":3},\\"nm\\":\\"Ellipse Path 1\\",\\"mn\\":\\"ADBE Vector Shape - Ellipse\\",\\"hd\\":false},{\\"ty\\":\\"st\\",\\"c\\":{\\"a\\":0,\\"k\\":[1,1,1,1],\\"ix\\":3},\\"o\\":{\\"a\\":0,\\"k\\":100,\\"ix\\":4},\\"w\\":{\\"a\\":0,\\"k\\":9,\\"ix\\":5},\\"lc\\":2,\\"lj\\":2,\\"nm\\":\\"Stroke 1\\",\\"mn\\":\\"ADBE Vector Graphic - Stroke\\",\\"hd\\":false},{\\"ty\\":\\"tr\\",\\"p\\":{\\"a\\":0,\\"k\\":[0,0],\\"ix\\":2},\\"a\\":{\\"a\\":0,\\"k\\":[0,0],\\"ix\\":1},\\"s\\":{\\"a\\":0,\\"k\\":[100,100],\\"ix\\":3},\\"r\\":{\\"a\\":0,\\"k\\":0,\\"ix\\":6},\\"o\\":{\\"a\\":0,\\"k\\":100,\\"ix\\":7},\\"sk\\":{\\"a\\":0,\\"k\\":0,\\"ix\\":4},\\"sa\\":{\\"a\\":0,\\"k\\":0,\\"ix\\":5},\\"nm\\":\\"Transform\\"}],\\"nm\\":\\"Oval 2\\",\\"np\\":2,\\"cix\\":2,\\"ix\\":1,\\"mn\\":\\"ADBE Vector Group\\",\\"hd\\":false},{\\"ty\\":\\"tm\\",\\"s\\":{\\"a\\":0,\\"k\\":0,\\"ix\\":1},\\"e\\":{\\"a\\":1,\\"k\\":[{\\"i\\":{\\"x\\":[0.396],\\"y\\":[1]},\\"o\\":{\\"x\\":[0.576],\\"y\\":[0]},\\"n\\":[\\"0p396_1_0p576_0\\"],\\"t\\":0,\\"s\\":[0],\\"e\\":[83]},{\\"t\\":20}],\\"ix\\":2},\\"o\\":{\\"a\\":1,\\"k\\":[{\\"i\\":{\\"x\\":[0.396],\\"y\\":[1]},\\"o\\":{\\"x\\":[0.576],\\"y\\":[0]},\\"n\\":[\\"0p396_1_0p576_0\\"],\\"t\\":0,\\"s\\":[-84],\\"e\\":[84]},{\\"t\\":20}],\\"ix\\":3},\\"m\\":1,\\"ix\\":2,\\"nm\\":\\"Trim Paths 1\\",\\"mn\\":\\"ADBE Vector Filter - Trim\\",\\"hd\\":false}],\\"ip\\":0,\\"op\\":125,\\"st\\":0,\\"bm\\":0},{\\"ddd\\":0,\\"ind\\":4,\\"ty\\":4,\\"nm\\":\\"check 3\\",\\"sr\\":1,\\"ks\\":{\\"o\\":{\\"a\\":0,\\"k\\":100,\\"ix\\":11},\\"r\\":{\\"a\\":0,\\"k\\":0,\\"ix\\":10},\\"p\\":{\\"a\\":0,\\"k\\":[49.5,27.860000000000003,0],\\"ix\\":2},\\"a\\":{\\"a\\":0,\\"k\\":[0,0,0],\\"ix\\":1},\\"s\\":{\\"a\\":0,\\"k\\":[100,100,100],\\"ix\\":6}},\\"ao\\":0,\\"shapes\\":[{\\"ty\\":\\"gr\\",\\"it\\":[{\\"ind\\":0,\\"ty\\":\\"sh\\",\\"ix\\":1,\\"ks\\":{\\"a\\":0,\\"k\\":{\\"i\\":[[0,0],[0,0],[0,0]],\\"o\\":[[0,0],[0,0],[0,0]],\\"v\\":[[0,41.96],[22.41,64.35],[83.63,0]],\\"c\\":false},\\"ix\\":2},\\"nm\\":\\"Path 1\\",\\"mn\\":\\"ADBE Vector Shape - Group\\",\\"hd\\":false},{\\"ty\\":\\"st\\",\\"c\\":{\\"a\\":0,\\"k\\":[0.4588235294117647,0.8901960784313725,0.5803921568627451,1],\\"ix\\":3},\\"o\\":{\\"a\\":0,\\"k\\":100,\\"ix\\":4},\\"w\\":{\\"a\\":0,\\"k\\":10,\\"ix\\":5},\\"lc\\":2,\\"lj\\":2,\\"nm\\":\\"Stroke 1\\",\\"mn\\":\\"ADBE Vector Graphic - Stroke\\",\\"hd\\":false},{\\"ty\\":\\"tr\\",\\"p\\":{\\"a\\":0,\\"k\\":[0,0],\\"ix\\":2},\\"a\\":{\\"a\\":0,\\"k\\":[0,0],\\"ix\\":1},\\"s\\":{\\"a\\":0,\\"k\\":[100,100],\\"ix\\":3},\\"r\\":{\\"a\\":0,\\"k\\":0,\\"ix\\":6},\\"o\\":{\\"a\\":0,\\"k\\":100,\\"ix\\":7},\\"sk\\":{\\"a\\":0,\\"k\\":0,\\"ix\\":4},\\"sa\\":{\\"a\\":0,\\"k\\":0,\\"ix\\":5},\\"nm\\":\\"Transform\\"}],\\"nm\\":\\"Group 1\\",\\"np\\":2,\\"cix\\":2,\\"ix\\":1,\\"mn\\":\\"ADBE Vector Group\\",\\"hd\\":false},{\\"ty\\":\\"tm\\",\\"s\\":{\\"a\\":0,\\"k\\":0,\\"ix\\":1},\\"e\\":{\\"a\\":1,\\"k\\":[{\\"i\\":{\\"x\\":[0],\\"y\\":[1]},\\"o\\":{\\"x\\":[0.257],\\"y\\":[0]},\\"n\\":[\\"0_1_0p257_0\\"],\\"t\\":20,\\"s\\":[0],\\"e\\":[100]},{\\"t\\":37}],\\"ix\\":2},\\"o\\":{\\"a\\":0,\\"k\\":0,\\"ix\\":3},\\"m\\":1,\\"ix\\":2,\\"nm\\":\\"Trim Paths 1\\",\\"mn\\":\\"ADBE Vector Filter - Trim\\",\\"hd\\":false}],\\"ip\\":0,\\"op\\":125,\\"st\\":0,\\"bm\\":0},{\\"ddd\\":0,\\"ind\\":5,\\"ty\\":4,\\"nm\\":\\"check 2\\",\\"sr\\":1,\\"ks\\":{\\"o\\":{\\"a\\":0,\\"k\\":100,\\"ix\\":11},\\"r\\":{\\"a\\":0,\\"k\\":0,\\"ix\\":10},\\"p\\":{\\"a\\":0,\\"k\\":[49.5,27.860000000000003,0],\\"ix\\":2},\\"a\\":{\\"a\\":0,\\"k\\":[0,0,0],\\"ix\\":1},\\"s\\":{\\"a\\":0,\\"k\\":[100,100,100],\\"ix\\":6}},\\"ao\\":0,\\"shapes\\":[{\\"ty\\":\\"gr\\",\\"it\\":[{\\"ind\\":0,\\"ty\\":\\"sh\\",\\"ix\\":1,\\"ks\\":{\\"a\\":0,\\"k\\":{\\"i\\":[[0,0],[0,0],[0,0]],\\"o\\":[[0,0],[0,0],[0,0]],\\"v\\":[[0,41.96],[22.41,64.35],[83.63,0]],\\"c\\":false},\\"ix\\":2},\\"nm\\":\\"Path 1\\",\\"mn\\":\\"ADBE Vector Shape - Group\\",\\"hd\\":false},{\\"ty\\":\\"st\\",\\"c\\":{\\"a\\":0,\\"k\\":[0.7215686274509804,0.9137254901960784,0.5254901960784314,1],\\"ix\\":3},\\"o\\":{\\"a\\":0,\\"k\\":100,\\"ix\\":4},\\"w\\":{\\"a\\":0,\\"k\\":10,\\"ix\\":5},\\"lc\\":2,\\"lj\\":2,\\"nm\\":\\"Stroke 1\\",\\"mn\\":\\"ADBE Vector Graphic - Stroke\\",\\"hd\\":false},{\\"ty\\":\\"tr\\",\\"p\\":{\\"a\\":0,\\"k\\":[0,0],\\"ix\\":2},\\"a\\":{\\"a\\":0,\\"k\\":[0,0],\\"ix\\":1},\\"s\\":{\\"a\\":0,\\"k\\":[100,100],\\"ix\\":3},\\"r\\":{\\"a\\":0,\\"k\\":0,\\"ix\\":6},\\"o\\":{\\"a\\":0,\\"k\\":100,\\"ix\\":7},\\"sk\\":{\\"a\\":0,\\"k\\":0,\\"ix\\":4},\\"sa\\":{\\"a\\":0,\\"k\\":0,\\"ix\\":5},\\"nm\\":\\"Transform\\"}],\\"nm\\":\\"Group 1\\",\\"np\\":2,\\"cix\\":2,\\"ix\\":1,\\"mn\\":\\"ADBE Vector Group\\",\\"hd\\":false},{\\"ty\\":\\"tm\\",\\"s\\":{\\"a\\":0,\\"k\\":0,\\"ix\\":1},\\"e\\":{\\"a\\":1,\\"k\\":[{\\"i\\":{\\"x\\":[0],\\"y\\":[1]},\\"o\\":{\\"x\\":[0.257],\\"y\\":[0]},\\"n\\":[\\"0_1_0p257_0\\"],\\"t\\":16,\\"s\\":[0],\\"e\\":[100]},{\\"t\\":34}],\\"ix\\":2},\\"o\\":{\\"a\\":0,\\"k\\":0,\\"ix\\":3},\\"m\\":1,\\"ix\\":2,\\"nm\\":\\"Trim Paths 1\\",\\"mn\\":\\"ADBE Vector Filter - Trim\\",\\"hd\\":false}],\\"ip\\":0,\\"op\\":125,\\"st\\":0,\\"bm\\":0},{\\"ddd\\":0,\\"ind\\":6,\\"ty\\":4,\\"nm\\":\\"check\\",\\"sr\\":1,\\"ks\\":{\\"o\\":{\\"a\\":0,\\"k\\":100,\\"ix\\":11},\\"r\\":{\\"a\\":0,\\"k\\":0,\\"ix\\":10},\\"p\\":{\\"a\\":0,\\"k\\":[49.5,27.860000000000003,0],\\"ix\\":2},\\"a\\":{\\"a\\":0,\\"k\\":[0,0,0],\\"ix\\":1},\\"s\\":{\\"a\\":0,\\"k\\":[100,100,100],\\"ix\\":6}},\\"ao\\":0,\\"shapes\\":[{\\"ty\\":\\"gr\\",\\"it\\":[{\\"ind\\":0,\\"ty\\":\\"sh\\",\\"ix\\":1,\\"ks\\":{\\"a\\":0,\\"k\\":{\\"i\\":[[0,0],[0,0],[0,0]],\\"o\\":[[0,0],[0,0],[0,0]],\\"v\\":[[0,41.96],[22.41,64.35],[83.63,0]],\\"c\\":false},\\"ix\\":2},\\"nm\\":\\"Path 1\\",\\"mn\\":\\"ADBE Vector Shape - Group\\",\\"hd\\":false},{\\"ty\\":\\"st\\",\\"c\\":{\\"a\\":0,\\"k\\":[1,1,1,1],\\"ix\\":3},\\"o\\":{\\"a\\":0,\\"k\\":100,\\"ix\\":4},\\"w\\":{\\"a\\":0,\\"k\\":9,\\"ix\\":5},\\"lc\\":2,\\"lj\\":2,\\"nm\\":\\"Stroke 1\\",\\"mn\\":\\"ADBE Vector Graphic - Stroke\\",\\"hd\\":false},{\\"ty\\":\\"tr\\",\\"p\\":{\\"a\\":0,\\"k\\":[0,0],\\"ix\\":2},\\"a\\":{\\"a\\":0,\\"k\\":[0,0],\\"ix\\":1},\\"s\\":{\\"a\\":0,\\"k\\":[100,100],\\"ix\\":3},\\"r\\":{\\"a\\":0,\\"k\\":0,\\"ix\\":6},\\"o\\":{\\"a\\":0,\\"k\\":100,\\"ix\\":7},\\"sk\\":{\\"a\\":0,\\"k\\":0,\\"ix\\":4},\\"sa\\":{\\"a\\":0,\\"k\\":0,\\"ix\\":5},\\"nm\\":\\"Transform\\"}],\\"nm\\":\\"Group 1\\",\\"np\\":2,\\"cix\\":2,\\"ix\\":1,\\"mn\\":\\"ADBE Vector Group\\",\\"hd\\":false},{\\"ty\\":\\"tm\\",\\"s\\":{\\"a\\":0,\\"k\\":0,\\"ix\\":1},\\"e\\":{\\"a\\":1,\\"k\\":[{\\"i\\":{\\"x\\":[0],\\"y\\":[1]},\\"o\\":{\\"x\\":[0.257],\\"y\\":[0]},\\"n\\":[\\"0_1_0p257_0\\"],\\"t\\":12,\\"s\\":[0],\\"e\\":[100]},{\\"t\\":29}],\\"ix\\":2},\\"o\\":{\\"a\\":0,\\"k\\":0,\\"ix\\":3},\\"m\\":1,\\"ix\\":2,\\"nm\\":\\"Trim Paths 1\\",\\"mn\\":\\"ADBE Vector Filter - Trim\\",\\"hd\\":false}],\\"ip\\":0,\\"op\\":125,\\"st\\":0,\\"bm\\":0},{\\"ddd\\":0,\\"ind\\":7,\\"ty\\":4,\\"nm\\":\\"boom\\",\\"sr\\":1,\\"ks\\":{\\"o\\":{\\"a\\":0,\\"k\\":10,\\"ix\\":11},\\"r\\":{\\"a\\":0,\\"k\\":0,\\"ix\\":10},\\"p\\":{\\"a\\":0,\\"k\\":[75,75,0],\\"ix\\":2},\\"a\\":{\\"a\\":0,\\"k\\":[0,0,0],\\"ix\\":1},\\"s\\":{\\"a\\":1,\\"k\\":[{\\"i\\":{\\"x\\":[0,0,0.18],\\"y\\":[1,1,1]},\\"o\\":{\\"x\\":[0,0,0.33],\\"y\\":[0,0,0]},\\"n\\":[\\"0_1_0_0\\",\\"0_1_0_0\\",\\"0p18_1_0p33_0\\"],\\"t\\":10,\\"s\\":[0,0,100],\\"e\\":[100,100,100]},{\\"t\\":42}],\\"ix\\":6}},\\"ao\\":0,\\"shapes\\":[{\\"ty\\":\\"gr\\",\\"it\\":[{\\"d\\":1,\\"ty\\":\\"el\\",\\"s\\":{\\"a\\":0,\\"k\\":[150,150],\\"ix\\":2},\\"p\\":{\\"a\\":0,\\"k\\":[0,0],\\"ix\\":3},\\"nm\\":\\"Ellipse Path 1\\",\\"mn\\":\\"ADBE Vector Shape - Ellipse\\",\\"hd\\":false},{\\"ty\\":\\"fl\\",\\"c\\":{\\"a\\":0,\\"k\\":[1,1,1,1],\\"ix\\":4},\\"o\\":{\\"a\\":0,\\"k\\":100,\\"ix\\":5},\\"r\\":1,\\"nm\\":\\"Fill 1\\",\\"mn\\":\\"ADBE Vector Graphic - Fill\\",\\"hd\\":false},{\\"ty\\":\\"tr\\",\\"p\\":{\\"a\\":0,\\"k\\":[0,0],\\"ix\\":2},\\"a\\":{\\"a\\":0,\\"k\\":[0,0],\\"ix\\":1},\\"s\\":{\\"a\\":0,\\"k\\":[100,100],\\"ix\\":3},\\"r\\":{\\"a\\":0,\\"k\\":0,\\"ix\\":6},\\"o\\":{\\"a\\":0,\\"k\\":100,\\"ix\\":7},\\"sk\\":{\\"a\\":0,\\"k\\":0,\\"ix\\":4},\\"sa\\":{\\"a\\":0,\\"k\\":0,\\"ix\\":5},\\"nm\\":\\"Transform\\"}],\\"nm\\":\\"Oval 2 Copy\\",\\"np\\":2,\\"cix\\":2,\\"ix\\":1,\\"mn\\":\\"ADBE Vector Group\\",\\"hd\\":false}],\\"ip\\":0,\\"op\\":125,\\"st\\":0,\\"bm\\":0}],\\"markers\\":[]}"
                        speed={1}
                        style={
                          Object {
                            "aspectRatio": 1,
                            "bottom": 0,
                            "left": 0,
                            "position": "absolute",
                            "right": 0,
                            "top": 0,
                          }
                        }
                      />
                    </View>
                  </View>
                </View>
              </View>
            </View>
          </View>
        </View>
      </RNSScreen>
    </RNSScreenContainer>
    <View
      pointerEvents="box-none"
      style={
        Object {
          "height": 64,
          "left": 0,
          "position": "absolute",
          "right": 0,
          "top": 0,
          "zIndex": 1,
        }
      }
    />
  </RNCSafeAreaProvider>
</View>
`;
